// Jest Snapshot v1, https://goo.gl/fbAQLP

exports[`Test the Unauthorized Component should match snapshot 1`] = `
<Fragment>
  <div
    id="notfound"
  >
    <div
      className="notfound"
    >
      <div
        className="notfound-404"
      >
        <h1>
          Oops!
        </h1>
        <h2>
          You Dont Have Access To View This Page
        </h2>
      </div>
      <Link
        replace={false}
        to="/"
      >
        <p>
          Go TO Homepage
        </p>
      </Link>
    </div>
  </div>
</Fragment>
`;
