// Jest Snapshot v1, https://goo.gl/fbAQLP

exports[`Test the Backdrop Component should match snapshot 1`] = `
<div
  className="backdrop"
  onClick={[MockFunction]}
  role="presentation"
/>
`;
