// Jest Snapshot v1, https://goo.gl/fbAQLP

exports[`Test the AdminCards Component should match snapshot 1`] = `
<Fragment>
  <Modal
    animationDuration={500}
    blockScroll={true}
    center={true}
    classNames={Object {}}
    classes={
      Object {
        "closeButton": "styles_closeButton__20ID4",
        "closeIcon": "styles_closeIcon__1QwbI",
        "modal": "styles_modal__gNwvD",
        "overlay": "styles_overlay__CLSq-",
        "overlayCenter": "styles_overlayCenter__YHoO7",
        "transitionEnter": "styles_transitionEnter__3j_-a",
        "transitionEnterActive": "styles_transitionEnterActive___eQs7",
        "transitionExit": "styles_transitionExit__1KmEf",
        "transitionExitActive": "styles_transitionExitActive__1nQXw",
      }
    }
    closeIconId={null}
    closeIconSize={28}
    closeIconSvgPath={
      <path
        d="M28.5 9.62L26.38 7.5 18 15.88 9.62 7.5 7.5 9.62 15.88 18 7.5 26.38l2.12 2.12L18 20.12l8.38 8.38 2.12-2.12L20.12 18z"
      />
    }
    closeOnEsc={true}
    closeOnOverlayClick={true}
    focusTrapOptions={Object {}}
    focusTrapped={false}
    modalId={null}
    onClose={[Function]}
    onEntered={null}
    onEscKeyDown={null}
    onExited={null}
    onOverlayClick={null}
    open={false}
    overlayId={null}
    showCloseIcon={true}
    styles={Object {}}
  >
    <ProductForm />
  </Modal>
  <div
    className="categoryCardContainer"
  >
    <Card
      className="categoryCard"
    >
      <Image
        as="img"
        src=""
        ui={true}
      />
      <CardContent
        extra={true}
      >
        <CardHeader
          className="adminCardTitle"
        />
        <CardDescription
          className="adminCardDescription"
        />
        <CardDescription
          className="adminCardDescription"
        />
        <Button
          animated={true}
          as="button"
        >
          <ButtonContent
            visible={true}
          >
            Add to Cart
          </ButtonContent>
          <ButtonContent
            hidden={true}
          >
            <Icon
              as="i"
              name="arrow right"
            />
          </ButtonContent>
        </Button>
      </CardContent>
    </Card>
  </div>
</Fragment>
`;

exports[`Test the AdminCards Component should redirect to login 1`] = `
<Redirect
  push={false}
  to="/login"
/>
`;
