// Jest Snapshot v1, https://goo.gl/fbAQLP

exports[`Test the Login Component should match snapshot 1`] = `
<div>
  <AuthForm />
</div>
`;
