// Jest Snapshot v1, https://goo.gl/fbAQLP

exports[`Test the Unauthorized Container should match snapshot 1`] = `<Unauthorized />`;
