// Jest Snapshot v1, https://goo.gl/fbAQLP

exports[`Test the Attendant Component should match snapshot 1`] = `<Unauthorized />`;

exports[`Test the Attendant Component should match snapshot 2`] = `
<Redirect
  push={false}
  to="/login"
/>
`;
